# lanes: rust=metal py=mps; case-3 span = 48 lines
# round 1/10 load1=9.10
# round 2/10 load1=8.53
# round 3/10 load1=8.53
# round 4/10 load1=8.25
# round 5/10 load1=7.91
# round 6/10 load1=7.91
# round 7/10 load1=7.60
# round 8/10 load1=7.15
# round 9/10 load1=7.15
# round 10/10 load1=6.66

| lines | seq | rust 1q | py 1q | rust/py 1q | rust 2q | py 2q | rust/py 2q | rust enc | rust head | head share |
|---|---|---|---|---|---|---|---|---|---|---|
| 3 | 92 | 33.8 | 26.3 | 1.288 | 64.6 | 36.4 | 1.774 | 30.1 | 3.6 | 11% |
| 5 | 107 | 38.9 | 30.1 | 1.292 | 72.7 | 42.9 | 1.695 | 34.5 | 4.1 | 11% |
| 10 | 188 | 51.1 | 42.3 | 1.210 | 103.6 | 64.4 | 1.608 | 45.7 | 5.1 | 10% |
| 15 | 231 | 67.7 | 50.0 | 1.354 | 131.0 | 81.1 | 1.615 | 61.0 | 6.3 | 9% |
| 20 | 283 | 85.9 | 60.8 | 1.413 | 167.1 | 94.8 | 1.763 | 78.1 | 7.4 | 9% |
| 30 | 370 | 104.2 | 72.1 | 1.446 | 207.3 | 113.7 | 1.823 | 94.5 | 9.2 | 9% |
| 40 | 461 | 145.6 | 99.4 | 1.464 | 260.8 | 154.7 | 1.686 | 132.4 | 12.4 | 9% |
| 48 | 512 | 148.2 | 102.5 | 1.446 | 279.3 | 170.6 | 1.637 | 135.1 | 12.5 | 8% |
